#-----------------------------------------------------------
# Vivado v2023.1 (64-bit)
# SW Build 3865809 on Sun May  7 15:05:29 MDT 2023
# IP Build 3864474 on Sun May  7 20:36:21 MDT 2023
# SharedData Build 3865790 on Sun May 07 13:33:03 MDT 2023
# Start of session at: Sat Oct  7 12:35:14 2023
# Process ID: 17168
# Current directory: C:/VivadoProjects/FProSystem/FProInitialSystem
# Command line: vivado.exe -gui_launcher_event rodinguilauncherevent7968 C:\VivadoProjects\FProSystem\FProInitialSystem\Blinking_LED_Core.xpr
# Log file: C:/VivadoProjects/FProSystem/FProInitialSystem/vivado.log
# Journal file: C:/VivadoProjects/FProSystem/FProInitialSystem\vivado.jou
# Running On: Noel-Laptop, OS: Windows, CPU Frequency: 2995 MHz, CPU Physical cores: 14, Host memory: 33946 MB
#-----------------------------------------------------------
start_gui
open_project C:/VivadoProjects/FProSystem/FProInitialSystem/Blinking_LED_Core.xpr
update_compile_order -fileset sources_1
launch_runs impl_1 -to_step write_bitstream -jobs 10
wait_on_run impl_1
open_run impl_1
write_hw_platform -fixed -include_bit -force -file C:/VivadoProjects/FProSystem/FProInitialSystem/mcs_top_vanilla.xsa
